// Jest Snapshot v1, https://goo.gl/fbAQLP

exports[`Component - ExternalLink Snapshot test 1`] = `
<Text
  href="/"
  onPress={[Function]}
  role="link"
/>
`;
