// Jest Snapshot v1, https://goo.gl/fbAQLP

exports[`App - RootLayout Snapshot test - The font is not loaded  1`] = `null`;
